2026-09-14T11:53:20Z INF Thank you for trying Cloudflare Tunnel. Doing so, without a Cloudflare account, is a quick way to experiment and try it out. However, be aware that these account-less Tunnels have no uptime guarantee, are subject to the Cloudflare Online Services Terms of Use (https://www.cloudflare.com/website-terms/), and Cloudflare reserves the right to investigate your use of Tunnels for violations of such terms. If you intend to use Tunnels in production you should use a pre-created named tunnel by following: https://developers.cloudflare.com/cloudflare-one/connections/connect-apps
2026-09-14T11:53:20Z INF Requesting new quick Tunnel on trycloudflare.com...
2026-09-14T11:53:27Z INF +--------------------------------------------------------------------------------------------+
2026-09-14T11:53:27Z INF |  Your quick Tunnel has been created! Visit it at (it may take some time to be reachable):  |
2026-09-14T11:53:27Z INF |  https://carry-quotations-pic-private.trycloudflare.com                                    |
2026-09-14T11:53:27Z INF +--------------------------------------------------------------------------------------------+
2026-09-14T11:53:27Z INF Cannot determine default configuration path. No file [config.yml config.yaml] in [~/.cloudflared ~/.cloudflare-warp ~/cloudflare-warp]
2026-09-14T11:53:27Z INF Version 2026.9.1 (Checksum 2837888cc0f5d58f15b6dc478376de90b4d3ba5241c7947455d1e0a0df429712)
2026-09-14T11:53:27Z INF GOOS: windows, GOVersion: go1.26.8, GoArch: amd64
2026-09-14T11:53:27Z INF Settings: map[ha-connections:1 no-autoupdate:true p:http2 protocol:http2 url:http://127.0.0.1:8081]
2026-09-14T11:53:27Z INF Environmental variables map[TUNNEL_EDGE_IP_VERSION:4 TUNNEL_RETRIES:10]
2026-09-14T11:53:27Z INF cloudflared will not automatically update on Windows systems.
2026-09-14T11:53:27Z INF Generated Connector ID: 61987957-eccc-484b-adc8-7872d34bd17b
2026-09-14T11:53:27Z INF Initial protocol http2
2026-09-14T11:53:27Z INF ICMP proxy will use 10.114.9.66 as source for IPv4
2026-09-14T11:53:27Z INF ICMP proxy will use ::1 in zone Loopback Pseudo-Interface 1 as source for IPv6
2026-09-14T11:53:27Z INF cloudflared does not support loading the system root certificate pool on Windows. Please use --origin-ca-pool <PATH> to specify the path to the certificate pool
2026-09-14T11:53:27Z INF ICMP proxy will use 10.114.9.66 as source for IPv4
2026-09-14T11:53:27Z INF Tunnel connection curve preferences: [X25519MLKEM768 CurveID(65074) CurveP256] connIndex=0 event=0 ip=198.41.200.53
2026-09-14T11:53:27Z INF ICMP proxy will use ::1 in zone Loopback Pseudo-Interface 1 as source for IPv6
2026-09-14T11:53:27Z INF Starting metrics server on 127.0.0.1:20241/metrics
2026-09-14T11:53:28Z INF Registered tunnel connection connIndex=0 connection=cf38ab46-5fe1-4bab-8fbb-351792491b11 event=0 ip=198.41.200.53 location=cdg07 protocol=http2
2026-09-14T11:53:37Z INF +-----------------------------------------------------------------------------------------------+
2026-09-14T11:53:37Z INF |                                    CONNECTIVITY PRE-CHECKS                                    |
2026-09-14T11:53:37Z INF +-----------------------------------------------------------------------------------------------+
2026-09-14T11:53:37Z INF |  COMPONENT         TARGET                     STATUS  DETAILS                                 |
2026-09-14T11:53:37Z INF |  DNS Resolution    region1.v2.argotunnel.com  PASS    DNS Resolved successfully               |
2026-09-14T11:53:37Z INF |  DNS Resolution    region2.v2.argotunnel.com  PASS    DNS Resolved successfully               |
2026-09-14T11:53:37Z INF |  UDP Connectivity  region1.v2.argotunnel.com  FAIL    QUIC connection failed                  |
2026-09-14T11:53:37Z INF |  UDP Connectivity  region2.v2.argotunnel.com  FAIL    QUIC connection failed                  |
2026-09-14T11:53:37Z INF |  TCP Connectivity  region1.v2.argotunnel.com  PASS    HTTP/2 connection successful            |
2026-09-14T11:53:37Z INF |  TCP Connectivity  region2.v2.argotunnel.com  PASS    HTTP/2 connection successful            |
2026-09-14T11:53:37Z INF |  Cloudflare API    api.cloudflare.com:443     PASS    API is reachable                        |
2026-09-14T11:53:37Z INF |  WARNING: Allow outbound QUIC traffic on port 7844 or use HTTP2.                              |
2026-09-14T11:53:37Z INF |  WARNING: Allow outbound QUIC traffic on port 7844 or use HTTP2.                              |
2026-09-14T11:53:37Z INF |                                                                                               |
2026-09-14T11:53:37Z INF |  SUMMARY: Environment ready with degraded transport. cloudflared will proceed using 'http2'.  |
2026-09-14T11:53:37Z INF +-----------------------------------------------------------------------------------------------+
2026-09-14T11:53:37Z INF precheck component="DNS Resolution" details="DNS Resolved successfully" run_id=ebfa1eb1-b214-44b2-ba8f-ffbebc8d28bb status=pass target=region1.v2.argotunnel.com
2026-09-14T11:53:37Z INF precheck component="DNS Resolution" details="DNS Resolved successfully" run_id=ebfa1eb1-b214-44b2-ba8f-ffbebc8d28bb status=pass target=region2.v2.argotunnel.com
2026-09-14T11:53:37Z INF precheck component="UDP Connectivity" details="QUIC connection failed" run_id=ebfa1eb1-b214-44b2-ba8f-ffbebc8d28bb status=fail target=region1.v2.argotunnel.com
2026-09-14T11:53:37Z INF precheck component="UDP Connectivity" details="QUIC connection failed" run_id=ebfa1eb1-b214-44b2-ba8f-ffbebc8d28bb status=fail target=region2.v2.argotunnel.com
2026-09-14T11:53:37Z INF precheck component="TCP Connectivity" details="HTTP/2 connection successful" run_id=ebfa1eb1-b214-44b2-ba8f-ffbebc8d28bb status=pass target=region1.v2.argotunnel.com
2026-09-14T11:53:37Z INF precheck component="TCP Connectivity" details="HTTP/2 connection successful" run_id=ebfa1eb1-b214-44b2-ba8f-ffbebc8d28bb status=pass target=region2.v2.argotunnel.com
2026-09-14T11:53:37Z INF precheck component="Cloudflare API" details="API is reachable" run_id=ebfa1eb1-b214-44b2-ba8f-ffbebc8d28bb status=pass target=api.cloudflare.com:443
2026-09-14T11:53:37Z INF precheck complete hard_fail=false run_id=ebfa1eb1-b214-44b2-ba8f-ffbebc8d28bb suggested_protocol=http2
